00:00:48 **** Build of configuration Debug for project acc_fcl_app ****
make all 
make --no-print-directory pre-build
a9-linaro-pre-build-step
' '
make --no-print-directory main-build
'Building file: ../src/lab22_main.c'
'Invoking: ARM v7 gcc compiler'
arm-none-eabi-gcc -Wall -O0 -g3 -c -fmessage-length=0 -MT"src/lab22_main.o" -mcpu=cortex-a9 -mfpu=vfpv3 -mfloat-abi=hard -IC:/dev/capstone_2022/Acc_FCL/acc_fcl_vitis/design_1_wrapper/export/design_1_wrapper/sw/design_1_wrapper/standalone_ps7_cortexa9_0/bspinclude/include -MMD -MP -MF"src/lab22_main.d" -MT"src/lab22_main.o" -o "src/lab22_main.o" "../src/lab22_main.c"
'Finished building: ../src/lab22_main.c'
' '
'Building target: acc_fcl_app.elf'
'Invoking: ARM v7 gcc linker'
arm-none-eabi-gcc -mcpu=cortex-a9 -mfpu=vfpv3 -mfloat-abi=hard -Wl,-build-id=none -specs=Xilinx.spec -Wl,-T -Wl,../src/lscript.ld -LC:/dev/capstone_2022/Acc_FCL/acc_fcl_vitis/design_1_wrapper/export/design_1_wrapper/sw/design_1_wrapper/standalone_ps7_cortexa9_0/bsplib/lib -o "acc_fcl_app.elf"  ./src/lab22_main.o   -Wl,--start-group,-lxil,-lgcc,-lc,--end-group
'Finished building target: acc_fcl_app.elf'
' '
'Invoking: ARM v7 Print Size'
arm-none-eabi-size acc_fcl_app.elf  |tee "acc_fcl_app.elf.size"
   text	   data	    bss	    dec	    hex	filename
  81382	   2550	  22640	 106572	  1a04c	acc_fcl_app.elf
'Finished building: acc_fcl_app.elf.size'
' '

00:00:48 Build Finished (took 601ms)

